// Vitest Snapshot v1, https://vitest.dev/guide/snapshot.html

exports[`Homepage Reality Capture keys — editorial lock > EN RC capability copy is frozen (EN withheld — not translated) 1`] = `
{
  "context": "The built world, measured on site — surveys, 3D scanning and photogrammetry for heritage and terrain.",
  "facets": "3d scanning · photogrammetry · heritage",
}
`;

exports[`Reality Capture hub copy — editorial lock > EN copy is frozen (EN withheld — not translated) 1`] = `
{
  "continue": {
    "archive": {
      "kind": "Documentation",
      "title": "See all projects",
    },
    "crossPillar": {
      "body": "The way measurement feeds the architectural project.",
      "kind": "Architecture & Design",
      "title": "How it connects",
    },
    "marker": {
      "coordinate": "from measurement to decision",
      "label": "Continue",
      "no": "05",
    },
  },
  "conversation": {
    "action": "Start a conversation",
    "marker": {
      "coordinate": "one site · one message",
      "label": "Conversation",
      "no": "06",
    },
    "note": "The message starts with the topic already set to Reality Capture.",
  },
  "framing": {
    "instruments": {
      "label": "What we measure with",
      "note": "equipment declared on this capability’s services",
    },
    "marker": {
      "coordinate": "observation · measurement",
      "label": "The question",
      "no": "02",
    },
    "primary": [
      "A conventional survey records what someone decided to measure. A scan records everything — every settled wall, every plane that is not straight, every centimetre the eye would round off. Reality does not round off.",
      "Better decisions start there: where you can intervene, how much material is missing, whether a structure has moved, what something looked like before it disappeared.",
    ],
    "question": {
      "accent": "cannot",
      "lead": "What does measuring reality let us understand that an ordinary survey",
      "tail": "?",
    },
    "secondary": [
      "Measurement is not the goal. It is the first layer of the project — the one architecture can lean on without guessing.",
      "Reality capture does not replace a professional eye. It arms it with a reality nobody can dispute: coordinates, not impressions.",
    ],
  },
  "meta": {
    "description": "3D scanning, photogrammetry and measured surveys — the built world measured on site and delivered as a point cloud or drawing.",
    "title": "Reality Capture — capability · diverse anumite",
  },
  "orientation": {
    "aboutLink": "About the studio",
    "eyebrow": "capability · one of two",
    "heading": {
      "lead": "Reality",
      "tail": "Capture",
    },
    "heroIndex": "RC—001",
    "lead": "3D scanning, photogrammetry and measured surveys. We turn real buildings, sites and landscapes into precise measurements — point clouds and drawings you can make a decision on. Not an interpretation of the place, but the place itself, at 1:1.",
  },
  "services": {
    "cta": "See the service",
    "intro": "Each service has its own page, with deliverables, process and equipment. Here you only recognise which one fits.",
    "marker": {
      "coordinate": "services · reality capture",
      "label": "What you can commission",
      "no": "04",
    },
  },
  "work": {
    "carousel": {
      "label": "Documentation — use the arrow keys to navigate",
      "next": "Next documentation",
      "position": "Documentation in focus",
      "previous": "Previous documentation",
      "roleDescription": "documentation carousel",
    },
    "cta": "All projects — Reality Capture",
    "intro": "Each documentation comes into focus in turn. Drag sideways or use the arrows. The selection is curated — the full archive is below.",
    "marker": {
      "coordinate": "a curated selection · not the archive",
      "label": "Documentation in focus",
      "no": "03",
    },
  },
}
`;
