// Vitest Snapshot v1, https://vitest.dev/guide/snapshot.html

exports[`Homepage Reality Capture keys — editorial lock > EN RC capability copy is frozen (translation of the RO lock) 1`] = `
{
  "context": "We scan buildings, interiors, façades and terrain, and turn the point cloud into a BIM model.",
  "facets": "3D laser scanning · Scan-to-BIM",
}
`;

exports[`Reality Capture hub copy — editorial lock > EN copy is frozen (translation of the RO lock) 1`] = `
{
  "continue": {
    "archive": {
      "kind": "Projects",
      "title": "See all projects",
    },
    "crossPillar": {
      "body": "Architectural design, interior design, 3D visualisation and furniture design.",
      "kind": "The other area",
      "title": "Architecture & Design",
    },
    "marker": {
      "coordinate": "archive · the other area",
      "label": "Continue",
      "no": "05",
    },
  },
  "conversation": {
    "action": "Start a conversation",
    "marker": {
      "coordinate": "one project · one message",
      "label": "Conversation",
      "no": "06",
    },
    "note": "The message starts with the topic already set to Reality Capture.",
  },
  "framing": {
    "instruments": {
      "label": "What we measure with",
      "note": "equipment declared on this pillar’s services",
    },
    "marker": {
      "coordinate": "common uses",
      "label": "The question",
      "no": "02",
    },
    "primary": [
      "We scan homes, commercial and industrial buildings, heritage buildings, interiors, façades, exteriors and terrain, as well as industrial parks.",
      "3D laser scanning is most often used for measured surveys, documentation of existing conditions, renovation / work on existing buildings, a basis for design, heritage, BIM / Scan-to-BIM and As-Built.",
    ],
    "question": {
      "accent": "result",
      "lead": "What is the",
      "tail": " most often used for?",
    },
    "secondary": [
      "Scan-to-BIM can start from a scan carried out by us or from a point cloud supplied by the client.",
      "The Scan-to-BIM result is most often used for design on existing buildings, renovation / rehabilitation, documentation, heritage and facility management.",
    ],
  },
  "meta": {
    "description": "3D laser scanning and Scan-to-BIM — the Reality Capture services of the diverse anumite studio.",
    "title": "Reality Capture · diverse anumite",
  },
  "orientation": {
    "aboutLink": "About the studio",
    "eyebrow": "pillar · capability",
    "heading": {
      "lead": "Reality",
      "tail": "Capture",
    },
    "heroIndex": "RC—001",
    "lead": "3D laser scanning and Scan-to-BIM: point cloud, BIM model, plans, sections and elevations.",
  },
  "services": {
    "cta": "See the service",
    "intro": "Each service has its own page, with its deliverables. Choose the service that suits you.",
    "marker": {
      "coordinate": "services · reality capture pillar",
      "label": "What you can commission",
      "no": "04",
    },
  },
  "work": {
    "carousel": {
      "label": "Projects — use the arrow keys to navigate",
      "next": "Next project",
      "position": "Project in focus",
      "previous": "Previous project",
      "roleDescription": "project carousel",
    },
    "cta": "All projects — Reality Capture",
    "intro": "Each project comes into focus in turn. Drag sideways or use the arrows. The selection is curated — the full archive is below.",
    "marker": {
      "coordinate": "curated selection · not the archive",
      "label": "Projects in focus",
      "no": "03",
    },
  },
}
`;
